main.c:49:5:main	8	static
main.c:72:6:task1_handler	8	static
main.c:80:6:task2_handler	8	static
main.c:88:6:task3_handler	8	static
main.c:96:6:task4_handler	8	static
main.c:104:6:init_systick_timer	32	static
main.c:129:29:init_scheduler_stack	0	static,ignoring_inline_asm
main.c:137:6:init_tasks_stack	24	static
main.c:169:6:enable_processor_faults	16	static
main.c:181:10:get_psp_value	4	static
main.c:188:6:save_psp_value	16	static
main.c:193:6:update_next_task	4	static
main.c:201:30:switch_sp_to_psp	0	static,ignoring_inline_asm
main.c:222:6:SysTick_Handler	4	static,ignoring_inline_asm
main.c:254:6:HardFault_Handler	8	static
main.c:260:6:MemManage_Handler	8	static
main.c:266:6:BusFault_Handler	8	static
