19:32:20 **** Incremental Build of configuration Debug for project svc_operation ****
make -j6 all 
arm-none-eabi-gcc "../Src/main.c" -mcpu=cortex-m4 -std=gnu11 -g3 -DSTM32 -DSTM32L4PLUS -DSTM32L4P5ZGTx -DDEBUG -DNUCLEO_L4P5ZG -c -I../Inc -O0 -ffunction-sections -fdata-sections -Wall -fstack-usage -MMD -MP -MF"Src/main.d" -MT"Src/main.o" --specs=nano.specs -mfpu=fpv4-sp-d16 -mfloat-abi=hard -mthumb -o "Src/main.o"
../Src/main.c:21:4: warning: #warning "FPU is not initialized, but the project is compiling for an FPU. Please initialize the FPU before use." [-Wcpp]
   #warning "FPU is not initialized, but the project is compiling for an FPU. Please initialize the FPU before use."
    ^~~~~~~
arm-none-eabi-gcc -o "svc_operation.elf" @"objects.list"   -mcpu=cortex-m4 -T"C:\Users\pepe_\STM32CubeIDE\Embedded Systems Programming on ARM Cortex-M3-M4 Processor\svc_operation\STM32L4P5ZGTX_FLASH.ld" --specs=nosys.specs -Wl,-Map="svc_operation.map" -Wl,--gc-sections -static --specs=nano.specs -mfpu=fpv4-sp-d16 -mfloat-abi=hard -mthumb -Wl,--start-group -lc -lm -Wl,--end-group
Finished building target: svc_operation.elf
 
arm-none-eabi-objdump -h -S  svc_operation.elf  > "svc_operation.list"
arm-none-eabi-objcopy  -O binary  svc_operation.elf  "svc_operation.bin"
arm-none-eabi-size   svc_operation.elf 
   text	   data	    bss	    dec	    hex	filename
   5616	    120	   1584	   7320	   1c98	svc_operation.elf
Finished building: default.size.stdout
 
Finished building: svc_operation.bin
 
Finished building: svc_operation.list
 
19:32:29 **** Incremental Build of configuration Debug for project svc_operation ****
make -j6 all 
arm-none-eabi-size   svc_operation.elf 
   text	   data	    bss	    dec	    hex	filename
   5616	    120	   1584	   7320	   1c98	svc_operation.elf
Finished building: default.size.stdout
 
