22:48:25 **** Build of configuration Debug for project exception_entry_exit ****
make -j6 all 
arm-none-eabi-gcc -mcpu=cortex-m4 -g3 -c -x assembler-with-cpp --specs=nano.specs -mfpu=fpv4-sp-d16 -mfloat-abi=hard -mthumb -o "Startup/startup_stm32l4p5zgtx.o" "../Startup/startup_stm32l4p5zgtx.s"
arm-none-eabi-gcc "../Src/main.c" -mcpu=cortex-m4 -std=gnu11 -g3 -DSTM32 -DSTM32L4PLUS -DSTM32L4P5ZGTx -DDEBUG -DNUCLEO_L4P5ZG -c -I../Inc -O0 -ffunction-sections -fdata-sections -Wall -fstack-usage -MMD -MP -MF"Src/main.d" -MT"Src/main.o" --specs=nano.specs -mfpu=fpv4-sp-d16 -mfloat-abi=hard -mthumb -o "Src/main.o"
arm-none-eabi-gcc "../Src/syscalls.c" -mcpu=cortex-m4 -std=gnu11 -g3 -DSTM32 -DSTM32L4PLUS -DSTM32L4P5ZGTx -DDEBUG -DNUCLEO_L4P5ZG -c -I../Inc -O0 -ffunction-sections -fdata-sections -Wall -fstack-usage -MMD -MP -MF"Src/syscalls.d" -MT"Src/syscalls.o" --specs=nano.specs -mfpu=fpv4-sp-d16 -mfloat-abi=hard -mthumb -o "Src/syscalls.o"
arm-none-eabi-gcc "../Src/sysmem.c" -mcpu=cortex-m4 -std=gnu11 -g3 -DSTM32 -DSTM32L4PLUS -DSTM32L4P5ZGTx -DDEBUG -DNUCLEO_L4P5ZG -c -I../Inc -O0 -ffunction-sections -fdata-sections -Wall -fstack-usage -MMD -MP -MF"Src/sysmem.d" -MT"Src/sysmem.o" --specs=nano.specs -mfpu=fpv4-sp-d16 -mfloat-abi=hard -mthumb -o "Src/sysmem.o"
../Src/main.c:21:4: warning: #warning "FPU is not initialized, but the project is compiling for an FPU. Please initialize the FPU before use." [-Wcpp]
   #warning "FPU is not initialized, but the project is compiling for an FPU. Please initialize the FPU before use."
    ^~~~~~~
arm-none-eabi-gcc -o "exception_entry_exit.elf" @"objects.list"   -mcpu=cortex-m4 -T"C:\Users\pepe_\STM32CubeIDE\Embedded Systems Programming on ARM Cortex-M3-M4 Processor\exception_entry_exit\STM32L4P5ZGTX_FLASH.ld" --specs=nosys.specs -Wl,-Map="exception_entry_exit.map" -Wl,--gc-sections -static --specs=nano.specs -mfpu=fpv4-sp-d16 -mfloat-abi=hard -mthumb -Wl,--start-group -lc -lm -Wl,--end-group
Finished building target: exception_entry_exit.elf
 
arm-none-eabi-size   exception_entry_exit.elf 
arm-none-eabi-objdump -h -S  exception_entry_exit.elf  > "exception_entry_exit.list"
arm-none-eabi-objcopy  -O binary  exception_entry_exit.elf  "exception_entry_exit.bin"
   text	   data	    bss	    dec	    hex	filename
   3544	    120	   1584	   5248	   1480	exception_entry_exit.elf
Finished building: default.size.stdout
 
Finished building: exception_entry_exit.bin
Finished building: exception_entry_exit.list
 
 
22:48:49 **** Incremental Build of configuration Debug for project exception_entry_exit ****
make -j6 all 
arm-none-eabi-size   exception_entry_exit.elf 
   text	   data	    bss	    dec	    hex	filename
   3544	    120	   1584	   5248	   1480	exception_entry_exit.elf
Finished building: default.size.stdout
 
